com\atheesh\samplejavawebapp\services\AuthenticationService.class
com\atheesh\samplejavawebapp\utils\Values.class
com\atheesh\samplejavawebapp\services\impl\ProductServiceImpl.class
com\atheesh\samplejavawebapp\apis\AuthenticateAPIs.class
com\atheesh\samplejavawebapp\services\impl\TokenManagementServiceImpl.class
com\atheesh\samplejavawebapp\services\ProductService.class
com\atheesh\samplejavawebapp\utils\AmazonS3Client.class
com\atheesh\samplejavawebapp\controllers\ProductsServlet.class
com\atheesh\samplejavawebapp\utils\TimeAdapter.class
com\atheesh\samplejavawebapp\beans\AccessTokenRequest.class
com\atheesh\samplejavawebapp\utils\TokenExpiredException.class
com\atheesh\samplejavawebapp\utils\TokenInterceptor.class
com\atheesh\samplejavawebapp\apis\ProductAPIs.class
com\atheesh\samplejavawebapp\services\TokenManagementService.class
com\atheesh\samplejavawebapp\utils\RetrofitClient.class
com\atheesh\samplejavawebapp\beans\Product.class
com\atheesh\samplejavawebapp\utils\ReadMultipartForm.class
com\atheesh\samplejavawebapp\controllers\LogInLogOutServlet.class
com\atheesh\samplejavawebapp\listners\InitialListner.class
com\atheesh\samplejavawebapp\filters\PageAccessFilter.class
com\atheesh\samplejavawebapp\utils\AppProperties.class
com\atheesh\samplejavawebapp\utils\AuthInterceptor.class
com\atheesh\samplejavawebapp\beans\AuthToken.class
com\atheesh\samplejavawebapp\services\impl\AuthenticationServiceImpl.class
