C:\Users\win10\Desktop\project1\Sample-Java-Web-Application\src\main\java\com\atheesh\samplejavawebapp\controllers\LogInLogOutServlet.java
C:\Users\win10\Desktop\project1\Sample-Java-Web-Application\src\main\java\com\atheesh\samplejavawebapp\services\impl\ProductServiceImpl.java
C:\Users\win10\Desktop\project1\Sample-Java-Web-Application\src\main\java\com\atheesh\samplejavawebapp\apis\ProductAPIs.java
C:\Users\win10\Desktop\project1\Sample-Java-Web-Application\src\main\java\com\atheesh\samplejavawebapp\beans\AuthToken.java
C:\Users\win10\Desktop\project1\Sample-Java-Web-Application\src\main\java\com\atheesh\samplejavawebapp\beans\Product.java
C:\Users\win10\Desktop\project1\Sample-Java-Web-Application\src\main\java\com\atheesh\samplejavawebapp\utils\TimeAdapter.java
C:\Users\win10\Desktop\project1\Sample-Java-Web-Application\src\main\java\com\atheesh\samplejavawebapp\utils\Values.java
C:\Users\win10\Desktop\project1\Sample-Java-Web-Application\src\main\java\com\atheesh\samplejavawebapp\listners\InitialListner.java
C:\Users\win10\Desktop\project1\Sample-Java-Web-Application\src\main\java\com\atheesh\samplejavawebapp\utils\AuthInterceptor.java
C:\Users\win10\Desktop\project1\Sample-Java-Web-Application\src\main\java\com\atheesh\samplejavawebapp\beans\AccessTokenRequest.java
C:\Users\win10\Desktop\project1\Sample-Java-Web-Application\src\main\java\com\atheesh\samplejavawebapp\apis\AuthenticateAPIs.java
C:\Users\win10\Desktop\project1\Sample-Java-Web-Application\src\main\java\com\atheesh\samplejavawebapp\utils\ReadMultipartForm.java
C:\Users\win10\Desktop\project1\Sample-Java-Web-Application\src\main\java\com\atheesh\samplejavawebapp\services\AuthenticationService.java
C:\Users\win10\Desktop\project1\Sample-Java-Web-Application\src\main\java\com\atheesh\samplejavawebapp\services\impl\AuthenticationServiceImpl.java
C:\Users\win10\Desktop\project1\Sample-Java-Web-Application\src\main\java\com\atheesh\samplejavawebapp\utils\AmazonS3Client.java
C:\Users\win10\Desktop\project1\Sample-Java-Web-Application\src\main\java\com\atheesh\samplejavawebapp\controllers\ProductsServlet.java
C:\Users\win10\Desktop\project1\Sample-Java-Web-Application\src\main\java\com\atheesh\samplejavawebapp\services\impl\TokenManagementServiceImpl.java
C:\Users\win10\Desktop\project1\Sample-Java-Web-Application\src\main\java\com\atheesh\samplejavawebapp\services\TokenManagementService.java
C:\Users\win10\Desktop\project1\Sample-Java-Web-Application\src\main\java\com\atheesh\samplejavawebapp\utils\AppProperties.java
C:\Users\win10\Desktop\project1\Sample-Java-Web-Application\src\main\java\com\atheesh\samplejavawebapp\utils\RetrofitClient.java
C:\Users\win10\Desktop\project1\Sample-Java-Web-Application\src\main\java\com\atheesh\samplejavawebapp\utils\TokenExpiredException.java
C:\Users\win10\Desktop\project1\Sample-Java-Web-Application\src\main\java\com\atheesh\samplejavawebapp\utils\TokenInterceptor.java
C:\Users\win10\Desktop\project1\Sample-Java-Web-Application\src\main\java\com\atheesh\samplejavawebapp\services\ProductService.java
C:\Users\win10\Desktop\project1\Sample-Java-Web-Application\src\main\java\com\atheesh\samplejavawebapp\filters\PageAccessFilter.java
